// Jest Snapshot v1, https://goo.gl/fbAQLP

exports[`<Profile /> matches snapshot 1`] = `ReactWrapper {}`;

exports[`<Profile /> matches snapshot 2`] = `ReactWrapper {}`;

exports[`<Profile /> matches snapshot 3`] = `ReactWrapper {}`;

exports[`<Profile /> matches snapshot 4`] = `ReactWrapper {}`;

exports[`<Profile /> matches snapshot 5`] = `ReactWrapper {}`;

exports[`<Profile /> matches snapshot 6`] = `ReactWrapper {}`;

exports[`<Profile /> matches snapshot 7`] = `ReactWrapper {}`;

exports[`<Profile /> matches snapshot 8`] = `ReactWrapper {}`;

exports[`<Profile /> matches snapshot 9`] = `ReactWrapper {}`;

exports[`<Profile /> matches snapshot 10`] = `ReactWrapper {}`;

exports[`<Profile /> matches snapshot 11`] = `ReactWrapper {}`;

exports[`<Profile /> matches snapshot 12`] = `ReactWrapper {}`;

exports[`<Profile /> matches snapshot 13`] = `ReactWrapper {}`;

exports[`<Profile /> matches snapshot 14`] = `ReactWrapper {}`;

exports[`<Profile /> matches snapshot 15`] = `ReactWrapper {}`;

exports[`<Profile /> matches snapshot 16`] = `ReactWrapper {}`;
